Analysis & Synthesis report for alu
Sat Sep 17 11:11:31 2022
Quartus Prime Version 17.0.0 Build 595 04/25/2017 SJ Lite Edition


---------------------
; Table of Contents ;
---------------------
  1. Legal Notice
  2. Analysis & Synthesis Summary
  3. Analysis & Synthesis Settings
  4. Parallel Compilation
  5. Analysis & Synthesis Source Files Read
  6. Analysis & Synthesis Resource Usage Summary
  7. Analysis & Synthesis Resource Utilization by Entity
  8. General Register Statistics
  9. Port Connectivity Checks: "adder:comb_35|RCA_16:comb_5"
 10. Port Connectivity Checks: "adder:comb_35|RCA_16:comb_4"
 11. Port Connectivity Checks: "adder:comb_35"
 12. Post-Synthesis Netlist Statistics for Top Partition
 13. Elapsed Time Per Partition
 14. Analysis & Synthesis Messages



----------------
; Legal Notice ;
----------------
Copyright (C) 2017  Intel Corporation. All rights reserved.
Your use of Intel Corporation's design tools, logic functions 
and other software and tools, and its AMPP partner logic 
functions, and any output files from any of the foregoing 
(including device programming or simulation files), and any 
associated documentation or information are expressly subject 
to the terms and conditions of the Intel Program License 
Subscription Agreement, the Intel Quartus Prime License Agreement,
the Intel MegaCore Function License Agreement, or other 
applicable license agreement, including, without limitation, 
that your use is for the sole purpose of programming logic 
devices manufactured by Intel and sold by Intel or its 
authorized distributors.  Please refer to the applicable 
agreement for further details.



+----------------------------------------------------------------------------------+
; Analysis & Synthesis Summary                                                     ;
+------------------------------------+---------------------------------------------+
; Analysis & Synthesis Status        ; Successful - Sat Sep 17 11:11:31 2022       ;
; Quartus Prime Version              ; 17.0.0 Build 595 04/25/2017 SJ Lite Edition ;
; Revision Name                      ; alu                                         ;
; Top-level Entity Name              ; subtractor                                  ;
; Family                             ; Cyclone IV E                                ;
; Total logic elements               ; 48                                          ;
;     Total combinational functions  ; 48                                          ;
;     Dedicated logic registers      ; 0                                           ;
; Total registers                    ; 0                                           ;
; Total pins                         ; 97                                          ;
; Total virtual pins                 ; 0                                           ;
; Total memory bits                  ; 0                                           ;
; Embedded Multiplier 9-bit elements ; 0                                           ;
; Total PLLs                         ; 0                                           ;
+------------------------------------+---------------------------------------------+


+----------------------------------------------------------------------------------------------------------------------+
; Analysis & Synthesis Settings                                                                                        ;
+----------------------------------------------------------------------------+--------------------+--------------------+
; Option                                                                     ; Setting            ; Default Value      ;
+----------------------------------------------------------------------------+--------------------+--------------------+
; Device                                                                     ; EP4CE115F29C7      ;                    ;
; Top-level entity name                                                      ; subtractor         ; alu                ;
; Family name                                                                ; Cyclone IV E       ; Cyclone V          ;
; Use smart compilation                                                      ; Off                ; Off                ;
; Enable parallel Assembler and TimeQuest Timing Analyzer during compilation ; On                 ; On                 ;
; Enable compact report table                                                ; Off                ; Off                ;
; Restructure Multiplexers                                                   ; Auto               ; Auto               ;
; Create Debugging Nodes for IP Cores                                        ; Off                ; Off                ;
; Preserve fewer node names                                                  ; On                 ; On                 ;
; OpenCore Plus hardware evaluation                                          ; Enable             ; Enable             ;
; Verilog Version                                                            ; Verilog_2001       ; Verilog_2001       ;
; VHDL Version                                                               ; VHDL_1993          ; VHDL_1993          ;
; State Machine Processing                                                   ; Auto               ; Auto               ;
; Safe State Machine                                                         ; Off                ; Off                ;
; Extract Verilog State Machines                                             ; On                 ; On                 ;
; Extract VHDL State Machines                                                ; On                 ; On                 ;
; Ignore Verilog initial constructs                                          ; Off                ; Off                ;
; Iteration limit for constant Verilog loops                                 ; 5000               ; 5000               ;
; Iteration limit for non-constant Verilog loops                             ; 250                ; 250                ;
; Add Pass-Through Logic to Inferred RAMs                                    ; On                 ; On                 ;
; Infer RAMs from Raw Logic                                                  ; On                 ; On                 ;
; Parallel Synthesis                                                         ; On                 ; On                 ;
; DSP Block Balancing                                                        ; Auto               ; Auto               ;
; NOT Gate Push-Back                                                         ; On                 ; On                 ;
; Power-Up Don't Care                                                        ; On                 ; On                 ;
; Remove Redundant Logic Cells                                               ; Off                ; Off                ;
; Remove Duplicate Registers                                                 ; On                 ; On                 ;
; Ignore CARRY Buffers                                                       ; Off                ; Off                ;
; Ignore CASCADE Buffers                                                     ; Off                ; Off                ;
; Ignore GLOBAL Buffers                                                      ; Off                ; Off                ;
; Ignore ROW GLOBAL Buffers                                                  ; Off                ; Off                ;
; Ignore LCELL Buffers                                                       ; Off                ; Off                ;
; Ignore SOFT Buffers                                                        ; On                 ; On                 ;
; Limit AHDL Integers to 32 Bits                                             ; Off                ; Off                ;
; Optimization Technique                                                     ; Balanced           ; Balanced           ;
; Carry Chain Length                                                         ; 70                 ; 70                 ;
; Auto Carry Chains                                                          ; On                 ; On                 ;
; Auto Open-Drain Pins                                                       ; On                 ; On                 ;
; Perform WYSIWYG Primitive Resynthesis                                      ; Off                ; Off                ;
; Auto ROM Replacement                                                       ; On                 ; On                 ;
; Auto RAM Replacement                                                       ; On                 ; On                 ;
; Auto DSP Block Replacement                                                 ; On                 ; On                 ;
; Auto Shift Register Replacement                                            ; Auto               ; Auto               ;
; Allow Shift Register Merging across Hierarchies                            ; Auto               ; Auto               ;
; Auto Clock Enable Replacement                                              ; On                 ; On                 ;
; Strict RAM Replacement                                                     ; Off                ; Off                ;
; Allow Synchronous Control Signals                                          ; On                 ; On                 ;
; Force Use of Synchronous Clear Signals                                     ; Off                ; Off                ;
; Auto RAM Block Balancing                                                   ; On                 ; On                 ;
; Auto RAM to Logic Cell Conversion                                          ; Off                ; Off                ;
; Auto Resource Sharing                                                      ; Off                ; Off                ;
; Allow Any RAM Size For Recognition                                         ; Off                ; Off                ;
; Allow Any ROM Size For Recognition                                         ; Off                ; Off                ;
; Allow Any Shift Register Size For Recognition                              ; Off                ; Off                ;
; Use LogicLock Constraints during Resource Balancing                        ; On                 ; On                 ;
; Ignore translate_off and synthesis_off directives                          ; Off                ; Off                ;
; Timing-Driven Synthesis                                                    ; On                 ; On                 ;
; Report Parameter Settings                                                  ; On                 ; On                 ;
; Report Source Assignments                                                  ; On                 ; On                 ;
; Report Connectivity Checks                                                 ; On                 ; On                 ;
; Ignore Maximum Fan-Out Assignments                                         ; Off                ; Off                ;
; Synchronization Register Chain Length                                      ; 2                  ; 2                  ;
; PowerPlay Power Optimization During Synthesis                              ; Normal compilation ; Normal compilation ;
; HDL message level                                                          ; Level2             ; Level2             ;
; Suppress Register Optimization Related Messages                            ; Off                ; Off                ;
; Number of Removed Registers Reported in Synthesis Report                   ; 5000               ; 5000               ;
; Number of Swept Nodes Reported in Synthesis Report                         ; 5000               ; 5000               ;
; Number of Inverted Registers Reported in Synthesis Report                  ; 100                ; 100                ;
; Clock MUX Protection                                                       ; On                 ; On                 ;
; Auto Gated Clock Conversion                                                ; Off                ; Off                ;
; Block Design Naming                                                        ; Auto               ; Auto               ;
; SDC constraint protection                                                  ; Off                ; Off                ;
; Synthesis Effort                                                           ; Auto               ; Auto               ;
; Shift Register Replacement - Allow Asynchronous Clear Signal               ; On                 ; On                 ;
; Pre-Mapping Resynthesis Optimization                                       ; Off                ; Off                ;
; Analysis & Synthesis Message Level                                         ; Medium             ; Medium             ;
; Disable Register Merging Across Hierarchies                                ; Auto               ; Auto               ;
; Resource Aware Inference For Block RAM                                     ; On                 ; On                 ;
+----------------------------------------------------------------------------+--------------------+--------------------+


+------------------------------------------+
; Parallel Compilation                     ;
+----------------------------+-------------+
; Processors                 ; Number      ;
+----------------------------+-------------+
; Number detected on machine ; 2           ;
; Maximum allowed            ; 2           ;
;                            ;             ;
; Average used               ; 1.00        ;
; Maximum used               ; 1           ;
;                            ;             ;
; Usage by Processor         ; % Time Used ;
;     Processor 1            ; 100.0%      ;
+----------------------------+-------------+


+----------------------------------------------------------------------------------------------------------------------------------------+
; Analysis & Synthesis Source Files Read                                                                                                 ;
+----------------------------------+-----------------+------------------------+------------------------------------------------+---------+
; File Name with User-Entered Path ; Used in Netlist ; File Type              ; File Name with Absolute Path                   ; Library ;
+----------------------------------+-----------------+------------------------+------------------------------------------------+---------+
; mux2_1.v                         ; yes             ; User Verilog HDL File  ; C:/Users/ka266/Documents/Project1/mux2_1.v     ;         ;
; fulladder.v                      ; yes             ; User Verilog HDL File  ; C:/Users/ka266/Documents/Project1/fulladder.v  ;         ;
; adder.v                          ; yes             ; User Verilog HDL File  ; C:/Users/ka266/Documents/Project1/adder.v      ;         ;
; mux1bit.v                        ; yes             ; User Verilog HDL File  ; C:/Users/ka266/Documents/Project1/mux1bit.v    ;         ;
; RCA_16.v                         ; yes             ; User Verilog HDL File  ; C:/Users/ka266/Documents/Project1/RCA_16.v     ;         ;
; subtractor.v                     ; yes             ; User Verilog HDL File  ; C:/Users/ka266/Documents/Project1/subtractor.v ;         ;
+----------------------------------+-----------------+------------------------+------------------------------------------------+---------+


+------------------------------------------------------------+
; Analysis & Synthesis Resource Usage Summary                ;
+---------------------------------------------+--------------+
; Resource                                    ; Usage        ;
+---------------------------------------------+--------------+
; Estimated Total logic elements              ; 48           ;
;                                             ;              ;
; Total combinational functions               ; 48           ;
; Logic element usage by number of LUT inputs ;              ;
;     -- 4 input functions                    ; 30           ;
;     -- 3 input functions                    ; 17           ;
;     -- <=2 input functions                  ; 1            ;
;                                             ;              ;
; Logic elements by mode                      ;              ;
;     -- normal mode                          ; 48           ;
;     -- arithmetic mode                      ; 0            ;
;                                             ;              ;
; Total registers                             ; 0            ;
;     -- Dedicated logic registers            ; 0            ;
;     -- I/O registers                        ; 0            ;
;                                             ;              ;
; I/O pins                                    ; 97           ;
;                                             ;              ;
; Embedded Multiplier 9-bit elements          ; 0            ;
;                                             ;              ;
; Maximum fan-out node                        ; in2[0]~input ;
; Maximum fan-out                             ; 47           ;
; Total fan-out                               ; 303          ;
; Average fan-out                             ; 1.25         ;
+---------------------------------------------+--------------+


+--------------------------------------------------------------------------------------------------------------------------------------------------------------------------------------------------------------------------------------------------+
; Analysis & Synthesis Resource Utilization by Entity                                                                                                                                                                                              ;
+------------------------------+---------------------+---------------------------+-------------+--------------+---------+-----------+------+--------------+-----------------------------------------------------------+-------------+--------------+
; Compilation Hierarchy Node   ; Combinational ALUTs ; Dedicated Logic Registers ; Memory Bits ; DSP Elements ; DSP 9x9 ; DSP 18x18 ; Pins ; Virtual Pins ; Full Hierarchy Name                                       ; Entity Name ; Library Name ;
+------------------------------+---------------------+---------------------------+-------------+--------------+---------+-----------+------+--------------+-----------------------------------------------------------+-------------+--------------+
; |subtractor                  ; 48 (0)              ; 0 (0)                     ; 0           ; 0            ; 0       ; 0         ; 97   ; 0            ; |subtractor                                               ; subtractor  ; work         ;
;    |adder:comb_35|           ; 48 (0)              ; 0 (0)                     ; 0           ; 0            ; 0       ; 0         ; 0    ; 0            ; |subtractor|adder:comb_35                                 ; adder       ; work         ;
;       |RCA_16:comb_3|        ; 24 (0)              ; 0 (0)                     ; 0           ; 0            ; 0       ; 0         ; 0    ; 0            ; |subtractor|adder:comb_35|RCA_16:comb_3                   ; RCA_16      ; work         ;
;          |fulladder:comb_10| ; 1 (1)               ; 0 (0)                     ; 0           ; 0            ; 0       ; 0         ; 0    ; 0            ; |subtractor|adder:comb_35|RCA_16:comb_3|fulladder:comb_10 ; fulladder   ; work         ;
;          |fulladder:comb_11| ; 2 (2)               ; 0 (0)                     ; 0           ; 0            ; 0       ; 0         ; 0    ; 0            ; |subtractor|adder:comb_35|RCA_16:comb_3|fulladder:comb_11 ; fulladder   ; work         ;
;          |fulladder:comb_12| ; 1 (1)               ; 0 (0)                     ; 0           ; 0            ; 0       ; 0         ; 0    ; 0            ; |subtractor|adder:comb_35|RCA_16:comb_3|fulladder:comb_12 ; fulladder   ; work         ;
;          |fulladder:comb_13| ; 2 (2)               ; 0 (0)                     ; 0           ; 0            ; 0       ; 0         ; 0    ; 0            ; |subtractor|adder:comb_35|RCA_16:comb_3|fulladder:comb_13 ; fulladder   ; work         ;
;          |fulladder:comb_14| ; 1 (1)               ; 0 (0)                     ; 0           ; 0            ; 0       ; 0         ; 0    ; 0            ; |subtractor|adder:comb_35|RCA_16:comb_3|fulladder:comb_14 ; fulladder   ; work         ;
;          |fulladder:comb_15| ; 2 (2)               ; 0 (0)                     ; 0           ; 0            ; 0       ; 0         ; 0    ; 0            ; |subtractor|adder:comb_35|RCA_16:comb_3|fulladder:comb_15 ; fulladder   ; work         ;
;          |fulladder:comb_16| ; 1 (1)               ; 0 (0)                     ; 0           ; 0            ; 0       ; 0         ; 0    ; 0            ; |subtractor|adder:comb_35|RCA_16:comb_3|fulladder:comb_16 ; fulladder   ; work         ;
;          |fulladder:comb_17| ; 2 (2)               ; 0 (0)                     ; 0           ; 0            ; 0       ; 0         ; 0    ; 0            ; |subtractor|adder:comb_35|RCA_16:comb_3|fulladder:comb_17 ; fulladder   ; work         ;
;          |fulladder:comb_18| ; 2 (2)               ; 0 (0)                     ; 0           ; 0            ; 0       ; 0         ; 0    ; 0            ; |subtractor|adder:comb_35|RCA_16:comb_3|fulladder:comb_18 ; fulladder   ; work         ;
;          |fulladder:comb_3|  ; 1 (1)               ; 0 (0)                     ; 0           ; 0            ; 0       ; 0         ; 0    ; 0            ; |subtractor|adder:comb_35|RCA_16:comb_3|fulladder:comb_3  ; fulladder   ; work         ;
;          |fulladder:comb_4|  ; 1 (1)               ; 0 (0)                     ; 0           ; 0            ; 0       ; 0         ; 0    ; 0            ; |subtractor|adder:comb_35|RCA_16:comb_3|fulladder:comb_4  ; fulladder   ; work         ;
;          |fulladder:comb_5|  ; 1 (1)               ; 0 (0)                     ; 0           ; 0            ; 0       ; 0         ; 0    ; 0            ; |subtractor|adder:comb_35|RCA_16:comb_3|fulladder:comb_5  ; fulladder   ; work         ;
;          |fulladder:comb_6|  ; 2 (2)               ; 0 (0)                     ; 0           ; 0            ; 0       ; 0         ; 0    ; 0            ; |subtractor|adder:comb_35|RCA_16:comb_3|fulladder:comb_6  ; fulladder   ; work         ;
;          |fulladder:comb_7|  ; 2 (2)               ; 0 (0)                     ; 0           ; 0            ; 0       ; 0         ; 0    ; 0            ; |subtractor|adder:comb_35|RCA_16:comb_3|fulladder:comb_7  ; fulladder   ; work         ;
;          |fulladder:comb_8|  ; 1 (1)               ; 0 (0)                     ; 0           ; 0            ; 0       ; 0         ; 0    ; 0            ; |subtractor|adder:comb_35|RCA_16:comb_3|fulladder:comb_8  ; fulladder   ; work         ;
;          |fulladder:comb_9|  ; 2 (2)               ; 0 (0)                     ; 0           ; 0            ; 0       ; 0         ; 0    ; 0            ; |subtractor|adder:comb_35|RCA_16:comb_3|fulladder:comb_9  ; fulladder   ; work         ;
;       |mux1bit:comb_7|       ; 8 (8)               ; 0 (0)                     ; 0           ; 0            ; 0       ; 0         ; 0    ; 0            ; |subtractor|adder:comb_35|mux1bit:comb_7                  ; mux1bit     ; work         ;
;       |mux2_1:comb_6|        ; 16 (16)             ; 0 (0)                     ; 0           ; 0            ; 0       ; 0         ; 0    ; 0            ; |subtractor|adder:comb_35|mux2_1:comb_6                   ; mux2_1      ; work         ;
+------------------------------+---------------------+---------------------------+-------------+--------------+---------+-----------+------+--------------+-----------------------------------------------------------+-------------+--------------+
Note: For table entries with two numbers listed, the numbers in parentheses indicate the number of resources of the given type used by the specific entity alone. The numbers listed outside of parentheses indicate the total resources of the given type used by the specific entity and all of its sub-entities in the hierarchy.


+------------------------------------------------------+
; General Register Statistics                          ;
+----------------------------------------------+-------+
; Statistic                                    ; Value ;
+----------------------------------------------+-------+
; Total registers                              ; 0     ;
; Number of registers using Synchronous Clear  ; 0     ;
; Number of registers using Synchronous Load   ; 0     ;
; Number of registers using Asynchronous Clear ; 0     ;
; Number of registers using Asynchronous Load  ; 0     ;
; Number of registers using Clock Enable       ; 0     ;
; Number of registers using Preset             ; 0     ;
+----------------------------------------------+-------+


+---------------------------------------------------------+
; Port Connectivity Checks: "adder:comb_35|RCA_16:comb_5" ;
+------+-------+----------+-------------------------------+
; Port ; Type  ; Severity ; Details                       ;
+------+-------+----------+-------------------------------+
; cin  ; Input ; Info     ; Stuck at VCC                  ;
+------+-------+----------+-------------------------------+


+---------------------------------------------------------+
; Port Connectivity Checks: "adder:comb_35|RCA_16:comb_4" ;
+------+-------+----------+-------------------------------+
; Port ; Type  ; Severity ; Details                       ;
+------+-------+----------+-------------------------------+
; cin  ; Input ; Info     ; Stuck at GND                  ;
+------+-------+----------+-------------------------------+


+-------------------------------------------+
; Port Connectivity Checks: "adder:comb_35" ;
+------+-------+----------+-----------------+
; Port ; Type  ; Severity ; Details         ;
+------+-------+----------+-----------------+
; cin  ; Input ; Info     ; Stuck at VCC    ;
+------+-------+----------+-----------------+


+-----------------------------------------------------+
; Post-Synthesis Netlist Statistics for Top Partition ;
+-----------------------+-----------------------------+
; Type                  ; Count                       ;
+-----------------------+-----------------------------+
; boundary_port         ; 97                          ;
; cycloneiii_lcell_comb ; 78                          ;
;     normal            ; 78                          ;
;         1 data inputs ; 30                          ;
;         2 data inputs ; 1                           ;
;         3 data inputs ; 17                          ;
;         4 data inputs ; 30                          ;
;                       ;                             ;
; Max LUT depth         ; 17.00                       ;
; Average LUT depth     ; 10.67                       ;
+-----------------------+-----------------------------+


+-------------------------------+
; Elapsed Time Per Partition    ;
+----------------+--------------+
; Partition Name ; Elapsed Time ;
+----------------+--------------+
; Top            ; 00:00:01     ;
+----------------+--------------+


+-------------------------------+
; Analysis & Synthesis Messages ;
+-------------------------------+
Info: *******************************************************************
Info: Running Quartus Prime Analysis & Synthesis
    Info: Version 17.0.0 Build 595 04/25/2017 SJ Lite Edition
    Info: Processing started: Sat Sep 17 11:11:16 2022
Info: Command: quartus_map --read_settings_files=on --write_settings_files=off alu -c alu
Warning (18236): Number of processors has not been specified which may cause overloading on shared machines.  Set the global assignment NUM_PARALLEL_PROCESSORS in your QSF to an appropriate value for best performance.
Info (20030): Parallel compilation is enabled and will use 2 of the 2 processors detected
Info (12021): Found 1 design units, including 1 entities, in source file mux2_1.v
    Info (12023): Found entity 1: mux2_1 File: C:/Users/ka266/Documents/Project1/mux2_1.v Line: 1
Info (12021): Found 1 design units, including 1 entities, in source file fulladder.v
    Info (12023): Found entity 1: fulladder File: C:/Users/ka266/Documents/Project1/fulladder.v Line: 1
Info (12021): Found 1 design units, including 1 entities, in source file adder.v
    Info (12023): Found entity 1: adder File: C:/Users/ka266/Documents/Project1/adder.v Line: 1
Info (12021): Found 1 design units, including 1 entities, in source file mux1bit.v
    Info (12023): Found entity 1: mux1bit File: C:/Users/ka266/Documents/Project1/mux1bit.v Line: 1
Info (12021): Found 1 design units, including 1 entities, in source file rca_16.v
    Info (12023): Found entity 1: RCA_16 File: C:/Users/ka266/Documents/Project1/RCA_16.v Line: 1
Info (12021): Found 1 design units, including 1 entities, in source file subtractor.v
    Info (12023): Found entity 1: subtractor File: C:/Users/ka266/Documents/Project1/subtractor.v Line: 1
Info (12021): Found 1 design units, including 1 entities, in source file alu.v
    Info (12023): Found entity 1: alu File: C:/Users/ka266/Documents/Project1/alu.v Line: 1
Info (12021): Found 1 design units, including 1 entities, in source file mux2_1_32bit.v
    Info (12023): Found entity 1: mux2_1_32bit File: C:/Users/ka266/Documents/Project1/mux2_1_32bit.v Line: 1
Info (12021): Found 1 design units, including 1 entities, in source file mux4_2_32bit.v
    Info (12023): Found entity 1: mux4_2_32bit File: C:/Users/ka266/Documents/Project1/mux4_2_32bit.v Line: 1
Critical Warning (10846): Verilog HDL Instantiation warning at RCA_16.v(9): instance has no name File: C:/Users/ka266/Documents/Project1/RCA_16.v Line: 9
Critical Warning (10846): Verilog HDL Instantiation warning at RCA_16.v(14): instance has no name File: C:/Users/ka266/Documents/Project1/RCA_16.v Line: 14
Critical Warning (10846): Verilog HDL Instantiation warning at RCA_16.v(18): instance has no name File: C:/Users/ka266/Documents/Project1/RCA_16.v Line: 18
Critical Warning (10846): Verilog HDL Instantiation warning at adder.v(11): instance has no name File: C:/Users/ka266/Documents/Project1/adder.v Line: 11
Critical Warning (10846): Verilog HDL Instantiation warning at adder.v(13): instance has no name File: C:/Users/ka266/Documents/Project1/adder.v Line: 13
Critical Warning (10846): Verilog HDL Instantiation warning at adder.v(14): instance has no name File: C:/Users/ka266/Documents/Project1/adder.v Line: 14
Critical Warning (10846): Verilog HDL Instantiation warning at adder.v(15): instance has no name File: C:/Users/ka266/Documents/Project1/adder.v Line: 15
Critical Warning (10846): Verilog HDL Instantiation warning at adder.v(18): instance has no name File: C:/Users/ka266/Documents/Project1/adder.v Line: 18
Critical Warning (10846): Verilog HDL Instantiation warning at subtractor.v(15): instance has no name File: C:/Users/ka266/Documents/Project1/subtractor.v Line: 15
Critical Warning (10846): Verilog HDL Instantiation warning at alu.v(14): instance has no name File: C:/Users/ka266/Documents/Project1/alu.v Line: 14
Critical Warning (10846): Verilog HDL Instantiation warning at alu.v(15): instance has no name File: C:/Users/ka266/Documents/Project1/alu.v Line: 15
Critical Warning (10846): Verilog HDL Instantiation warning at alu.v(17): instance has no name File: C:/Users/ka266/Documents/Project1/alu.v Line: 17
Critical Warning (10846): Verilog HDL Instantiation warning at mux4_2_32bit.v(8): instance has no name File: C:/Users/ka266/Documents/Project1/mux4_2_32bit.v Line: 8
Critical Warning (10846): Verilog HDL Instantiation warning at mux4_2_32bit.v(9): instance has no name File: C:/Users/ka266/Documents/Project1/mux4_2_32bit.v Line: 9
Critical Warning (10846): Verilog HDL Instantiation warning at mux4_2_32bit.v(11): instance has no name File: C:/Users/ka266/Documents/Project1/mux4_2_32bit.v Line: 11
Info (12127): Elaborating entity "subtractor" for the top level hierarchy
Warning (10739): Verilog HDL warning at subtractor.v(11): actual bit length 32 differs from formal bit length 1 File: C:/Users/ka266/Documents/Project1/subtractor.v Line: 11
Info (12128): Elaborating entity "adder" for hierarchy "adder:comb_35" File: C:/Users/ka266/Documents/Project1/subtractor.v Line: 15
Info (12128): Elaborating entity "RCA_16" for hierarchy "adder:comb_35|RCA_16:comb_3" File: C:/Users/ka266/Documents/Project1/adder.v Line: 11
Info (12128): Elaborating entity "fulladder" for hierarchy "adder:comb_35|RCA_16:comb_3|fulladder:comb_3" File: C:/Users/ka266/Documents/Project1/RCA_16.v Line: 9
Info (12128): Elaborating entity "mux2_1" for hierarchy "adder:comb_35|mux2_1:comb_6" File: C:/Users/ka266/Documents/Project1/adder.v Line: 15
Info (12128): Elaborating entity "mux1bit" for hierarchy "adder:comb_35|mux1bit:comb_7" File: C:/Users/ka266/Documents/Project1/adder.v Line: 18
Info (286030): Timing-Driven Synthesis is running
Info (16010): Generating hard_block partition "hard_block:auto_generated_inst"
    Info (16011): Adding 0 node(s), including 0 DDIO, 0 PLL, 0 transceiver and 0 LCELL
Warning (21074): Design contains 31 input pin(s) that do not drive logic
    Warning (15610): No output dependent on input pin "in2[1]" File: C:/Users/ka266/Documents/Project1/subtractor.v Line: 2
    Warning (15610): No output dependent on input pin "in2[2]" File: C:/Users/ka266/Documents/Project1/subtractor.v Line: 2
    Warning (15610): No output dependent on input pin "in2[3]" File: C:/Users/ka266/Documents/Project1/subtractor.v Line: 2
    Warning (15610): No output dependent on input pin "in2[4]" File: C:/Users/ka266/Documents/Project1/subtractor.v Line: 2
    Warning (15610): No output dependent on input pin "in2[5]" File: C:/Users/ka266/Documents/Project1/subtractor.v Line: 2
    Warning (15610): No output dependent on input pin "in2[6]" File: C:/Users/ka266/Documents/Project1/subtractor.v Line: 2
    Warning (15610): No output dependent on input pin "in2[7]" File: C:/Users/ka266/Documents/Project1/subtractor.v Line: 2
    Warning (15610): No output dependent on input pin "in2[8]" File: C:/Users/ka266/Documents/Project1/subtractor.v Line: 2
    Warning (15610): No output dependent on input pin "in2[9]" File: C:/Users/ka266/Documents/Project1/subtractor.v Line: 2
    Warning (15610): No output dependent on input pin "in2[10]" File: C:/Users/ka266/Documents/Project1/subtractor.v Line: 2
    Warning (15610): No output dependent on input pin "in2[11]" File: C:/Users/ka266/Documents/Project1/subtractor.v Line: 2
    Warning (15610): No output dependent on input pin "in2[12]" File: C:/Users/ka266/Documents/Project1/subtractor.v Line: 2
    Warning (15610): No output dependent on input pin "in2[13]" File: C:/Users/ka266/Documents/Project1/subtractor.v Line: 2
    Warning (15610): No output dependent on input pin "in2[14]" File: C:/Users/ka266/Documents/Project1/subtractor.v Line: 2
    Warning (15610): No output dependent on input pin "in2[15]" File: C:/Users/ka266/Documents/Project1/subtractor.v Line: 2
    Warning (15610): No output dependent on input pin "in2[16]" File: C:/Users/ka266/Documents/Project1/subtractor.v Line: 2
    Warning (15610): No output dependent on input pin "in2[17]" File: C:/Users/ka266/Documents/Project1/subtractor.v Line: 2
    Warning (15610): No output dependent on input pin "in2[18]" File: C:/Users/ka266/Documents/Project1/subtractor.v Line: 2
    Warning (15610): No output dependent on input pin "in2[19]" File: C:/Users/ka266/Documents/Project1/subtractor.v Line: 2
    Warning (15610): No output dependent on input pin "in2[20]" File: C:/Users/ka266/Documents/Project1/subtractor.v Line: 2
    Warning (15610): No output dependent on input pin "in2[21]" File: C:/Users/ka266/Documents/Project1/subtractor.v Line: 2
    Warning (15610): No output dependent on input pin "in2[22]" File: C:/Users/ka266/Documents/Project1/subtractor.v Line: 2
    Warning (15610): No output dependent on input pin "in2[23]" File: C:/Users/ka266/Documents/Project1/subtractor.v Line: 2
    Warning (15610): No output dependent on input pin "in2[24]" File: C:/Users/ka266/Documents/Project1/subtractor.v Line: 2
    Warning (15610): No output dependent on input pin "in2[25]" File: C:/Users/ka266/Documents/Project1/subtractor.v Line: 2
    Warning (15610): No output dependent on input pin "in2[26]" File: C:/Users/ka266/Documents/Project1/subtractor.v Line: 2
    Warning (15610): No output dependent on input pin "in2[27]" File: C:/Users/ka266/Documents/Project1/subtractor.v Line: 2
    Warning (15610): No output dependent on input pin "in2[28]" File: C:/Users/ka266/Documents/Project1/subtractor.v Line: 2
    Warning (15610): No output dependent on input pin "in2[29]" File: C:/Users/ka266/Documents/Project1/subtractor.v Line: 2
    Warning (15610): No output dependent on input pin "in2[30]" File: C:/Users/ka266/Documents/Project1/subtractor.v Line: 2
    Warning (15610): No output dependent on input pin "in2[31]" File: C:/Users/ka266/Documents/Project1/subtractor.v Line: 2
Info (21057): Implemented 145 device resources after synthesis - the final resource count might be different
    Info (21058): Implemented 64 input pins
    Info (21059): Implemented 33 output pins
    Info (21061): Implemented 48 logic cells
Info: Quartus Prime Analysis & Synthesis was successful. 0 errors, 49 warnings
    Info: Peak virtual memory: 4738 megabytes
    Info: Processing ended: Sat Sep 17 11:11:31 2022
    Info: Elapsed time: 00:00:15
    Info: Total CPU time (on all processors): 00:00:21


